running develop
running egg_info
creating lab1_pkg.egg-info
writing lab1_pkg.egg-info/PKG-INFO
writing dependency_links to lab1_pkg.egg-info/dependency_links.txt
writing entry points to lab1_pkg.egg-info/entry_points.txt
writing requirements to lab1_pkg.egg-info/requires.txt
writing top-level names to lab1_pkg.egg-info/top_level.txt
writing manifest file 'lab1_pkg.egg-info/SOURCES.txt'
reading manifest file 'lab1_pkg.egg-info/SOURCES.txt'
writing manifest file 'lab1_pkg.egg-info/SOURCES.txt'
running build_ext
Creating /home/emaan/lab1_ws/install/lab1_pkg/lib/python3.10/site-packages/lab1-pkg.egg-link (link to .)
Installing relay script to /home/emaan/lab1_ws/install/lab1_pkg/lib/lab1_pkg
Installing talker script to /home/emaan/lab1_ws/install/lab1_pkg/lib/lab1_pkg

Installed /home/emaan/lab1_ws/build/lab1_pkg
running symlink_data
creating /home/emaan/lab1_ws/install/lab1_pkg/share/ament_index
creating /home/emaan/lab1_ws/install/lab1_pkg/share/ament_index/resource_index
creating /home/emaan/lab1_ws/install/lab1_pkg/share/ament_index/resource_index/packages
symbolically linking /home/emaan/lab1_ws/build/lab1_pkg/resource/lab1_pkg -> /home/emaan/lab1_ws/install/lab1_pkg/share/ament_index/resource_index/packages
symbolically linking /home/emaan/lab1_ws/build/lab1_pkg/package.xml -> /home/emaan/lab1_ws/install/lab1_pkg/share/lab1_pkg
creating /home/emaan/lab1_ws/install/lab1_pkg/share/lab1_pkg/launch
symbolically linking /home/emaan/lab1_ws/build/lab1_pkg/launch/lab1_launch.py -> /home/emaan/lab1_ws/install/lab1_pkg/share/lab1_pkg/launch
