[0.347s] DEBUG:colcon:Command line arguments: ['/usr/bin/colcon', 'build', '--packages-select', 'lab1_pkg', '--symlink-install']
[0.348s] DEBUG:colcon:Parsed command line arguments: Namespace(log_base=None, log_level=None, verb_name='build', build_base='build', install_base='install', merge_install=False, symlink_install=True, test_result_base=None, continue_on_error=False, executor='parallel', parallel_workers=16, event_handlers=None, ignore_user_meta=False, metas=['./colcon.meta'], base_paths=['.'], packages_ignore=None, packages_ignore_regex=None, paths=None, packages_up_to=None, packages_up_to_regex=None, packages_above=None, packages_above_and_dependencies=None, packages_above_depth=None, packages_select_by_dep=None, packages_skip_by_dep=None, packages_skip_up_to=None, packages_select_build_failed=False, packages_skip_build_finished=False, packages_select_test_failures=False, packages_skip_test_passed=False, packages_select=['lab1_pkg'], packages_skip=None, packages_select_regex=None, packages_skip_regex=None, packages_start=None, packages_end=None, allow_overriding=[], cmake_args=None, cmake_target=None, cmake_target_skip_unavailable=False, cmake_clean_cache=False, cmake_clean_first=False, cmake_force_configure=False, ament_cmake_args=None, catkin_cmake_args=None, catkin_skip_building_tests=False, mixin_files=None, mixin=None, verb_parser=<colcon_mixin.mixin.mixin_argument.MixinArgumentDecorator object at 0x70695eef1cf0>, verb_extension=<colcon_core.verb.build.BuildVerb object at 0x70695eef17e0>, main=<bound method BuildVerb.main of <colcon_core.verb.build.BuildVerb object at 0x70695eef17e0>>, mixin_verb=('build',))
[0.657s] Level 1:colcon.colcon_core.package_discovery:discover_packages(colcon_meta) check parameters
[0.657s] Level 1:colcon.colcon_core.package_discovery:discover_packages(recursive) check parameters
[0.657s] Level 1:colcon.colcon_core.package_discovery:discover_packages(ignore) check parameters
[0.657s] Level 1:colcon.colcon_core.package_discovery:discover_packages(path) check parameters
[0.658s] Level 1:colcon.colcon_core.package_discovery:discover_packages(colcon_meta) discover
[0.658s] Level 1:colcon.colcon_core.package_discovery:discover_packages(recursive) discover
[0.658s] INFO:colcon.colcon_core.package_discovery:Crawling recursively for packages in '/home/emaan/lab1_ws'
[0.658s] Level 1:colcon.colcon_core.package_identification:_identify(.) by extensions ['ignore', 'ignore_ament_install']
[0.658s] Level 1:colcon.colcon_core.package_identification:_identify(.) by extension 'ignore'
[0.658s] Level 1:colcon.colcon_core.package_identification:_identify(.) by extension 'ignore_ament_install'
[0.659s] Level 1:colcon.colcon_core.package_identification:_identify(.) by extensions ['colcon_pkg']
[0.659s] Level 1:colcon.colcon_core.package_identification:_identify(.) by extension 'colcon_pkg'
[0.659s] Level 1:colcon.colcon_core.package_identification:_identify(.) by extensions ['colcon_meta']
[0.659s] Level 1:colcon.colcon_core.package_identification:_identify(.) by extension 'colcon_meta'
[0.659s] Level 1:colcon.colcon_core.package_identification:_identify(.) by extensions ['ros']
[0.659s] Level 1:colcon.colcon_core.package_identification:_identify(.) by extension 'ros'
[0.678s] Level 1:colcon.colcon_core.package_identification:_identify(.) by extensions ['cmake', 'python']
[0.679s] Level 1:colcon.colcon_core.package_identification:_identify(.) by extension 'cmake'
[0.679s] Level 1:colcon.colcon_core.package_identification:_identify(.) by extension 'python'
[0.679s] Level 1:colcon.colcon_core.package_identification:_identify(.) by extensions ['python_setup_py']
[0.679s] Level 1:colcon.colcon_core.package_identification:_identify(.) by extension 'python_setup_py'
[0.679s] Level 1:colcon.colcon_core.package_identification:_identify(build) by extensions ['ignore', 'ignore_ament_install']
[0.679s] Level 1:colcon.colcon_core.package_identification:_identify(build) by extension 'ignore'
[0.680s] Level 1:colcon.colcon_core.package_identification:_identify(build) ignored
[0.680s] Level 1:colcon.colcon_core.package_identification:_identify(install) by extensions ['ignore', 'ignore_ament_install']
[0.680s] Level 1:colcon.colcon_core.package_identification:_identify(install) by extension 'ignore'
[0.680s] Level 1:colcon.colcon_core.package_identification:_identify(install) ignored
[0.680s] Level 1:colcon.colcon_core.package_identification:_identify(log) by extensions ['ignore', 'ignore_ament_install']
[0.681s] Level 1:colcon.colcon_core.package_identification:_identify(log) by extension 'ignore'
[0.681s] Level 1:colcon.colcon_core.package_identification:_identify(log) ignored
[0.681s] Level 1:colcon.colcon_core.package_identification:_identify(src) by extensions ['ignore', 'ignore_ament_install']
[0.681s] Level 1:colcon.colcon_core.package_identification:_identify(src) by extension 'ignore'
[0.681s] Level 1:colcon.colcon_core.package_identification:_identify(src) by extension 'ignore_ament_install'
[0.681s] Level 1:colcon.colcon_core.package_identification:_identify(src) by extensions ['colcon_pkg']
[0.681s] Level 1:colcon.colcon_core.package_identification:_identify(src) by extension 'colcon_pkg'
[0.682s] Level 1:colcon.colcon_core.package_identification:_identify(src) by extensions ['colcon_meta']
[0.682s] Level 1:colcon.colcon_core.package_identification:_identify(src) by extension 'colcon_meta'
[0.682s] Level 1:colcon.colcon_core.package_identification:_identify(src) by extensions ['ros']
[0.682s] Level 1:colcon.colcon_core.package_identification:_identify(src) by extension 'ros'
[0.682s] Level 1:colcon.colcon_core.package_identification:_identify(src) by extensions ['cmake', 'python']
[0.682s] Level 1:colcon.colcon_core.package_identification:_identify(src) by extension 'cmake'
[0.682s] Level 1:colcon.colcon_core.package_identification:_identify(src) by extension 'python'
[0.682s] Level 1:colcon.colcon_core.package_identification:_identify(src) by extensions ['python_setup_py']
[0.683s] Level 1:colcon.colcon_core.package_identification:_identify(src) by extension 'python_setup_py'
[0.683s] Level 1:colcon.colcon_core.package_identification:_identify(src/lab1_pkg) by extensions ['ignore', 'ignore_ament_install']
[0.683s] Level 1:colcon.colcon_core.package_identification:_identify(src/lab1_pkg) by extension 'ignore'
[0.683s] Level 1:colcon.colcon_core.package_identification:_identify(src/lab1_pkg) by extension 'ignore_ament_install'
[0.683s] Level 1:colcon.colcon_core.package_identification:_identify(src/lab1_pkg) by extensions ['colcon_pkg']
[0.683s] Level 1:colcon.colcon_core.package_identification:_identify(src/lab1_pkg) by extension 'colcon_pkg'
[0.683s] Level 1:colcon.colcon_core.package_identification:_identify(src/lab1_pkg) by extensions ['colcon_meta']
[0.684s] Level 1:colcon.colcon_core.package_identification:_identify(src/lab1_pkg) by extension 'colcon_meta'
[0.684s] Level 1:colcon.colcon_core.package_identification:_identify(src/lab1_pkg) by extensions ['ros']
[0.684s] Level 1:colcon.colcon_core.package_identification:_identify(src/lab1_pkg) by extension 'ros'
[0.688s] DEBUG:colcon.colcon_core.package_identification:Package 'src/lab1_pkg' with type 'ros.ament_python' and name 'lab1_pkg'
[0.688s] Level 1:colcon.colcon_core.package_discovery:discover_packages(recursive) using defaults
[0.689s] Level 1:colcon.colcon_core.package_discovery:discover_packages(ignore) discover
[0.689s] Level 1:colcon.colcon_core.package_discovery:discover_packages(ignore) using defaults
[0.689s] Level 1:colcon.colcon_core.package_discovery:discover_packages(path) discover
[0.689s] Level 1:colcon.colcon_core.package_discovery:discover_packages(path) using defaults
[0.750s] Level 1:colcon.colcon_core.package_discovery:discover_packages(prefix_path) check parameters
[0.750s] Level 1:colcon.colcon_core.package_discovery:discover_packages(prefix_path) discover
[0.754s] DEBUG:colcon.colcon_installed_package_information.package_discovery:Found 1 installed packages in /home/emaan/lab1_ws/install
[0.756s] DEBUG:colcon.colcon_installed_package_information.package_discovery:Found 274 installed packages in /opt/ros/humble
[0.759s] Level 1:colcon.colcon_core.package_discovery:discover_packages(prefix_path) using defaults
[0.826s] Level 5:colcon.colcon_core.verb:set package 'lab1_pkg' build argument 'cmake_args' from command line to 'None'
[0.827s] Level 5:colcon.colcon_core.verb:set package 'lab1_pkg' build argument 'cmake_target' from command line to 'None'
[0.827s] Level 5:colcon.colcon_core.verb:set package 'lab1_pkg' build argument 'cmake_target_skip_unavailable' from command line to 'False'
[0.827s] Level 5:colcon.colcon_core.verb:set package 'lab1_pkg' build argument 'cmake_clean_cache' from command line to 'False'
[0.827s] Level 5:colcon.colcon_core.verb:set package 'lab1_pkg' build argument 'cmake_clean_first' from command line to 'False'
[0.827s] Level 5:colcon.colcon_core.verb:set package 'lab1_pkg' build argument 'cmake_force_configure' from command line to 'False'
[0.828s] Level 5:colcon.colcon_core.verb:set package 'lab1_pkg' build argument 'ament_cmake_args' from command line to 'None'
[0.828s] Level 5:colcon.colcon_core.verb:set package 'lab1_pkg' build argument 'catkin_cmake_args' from command line to 'None'
[0.828s] Level 5:colcon.colcon_core.verb:set package 'lab1_pkg' build argument 'catkin_skip_building_tests' from command line to 'False'
[0.828s] DEBUG:colcon.colcon_core.verb:Building package 'lab1_pkg' with the following arguments: {'ament_cmake_args': None, 'build_base': '/home/emaan/lab1_ws/build/lab1_pkg', 'catkin_cmake_args': None, 'catkin_skip_building_tests': False, 'cmake_args': None, 'cmake_clean_cache': False, 'cmake_clean_first': False, 'cmake_force_configure': False, 'cmake_target': None, 'cmake_target_skip_unavailable': False, 'install_base': '/home/emaan/lab1_ws/install/lab1_pkg', 'merge_install': False, 'path': '/home/emaan/lab1_ws/src/lab1_pkg', 'symlink_install': True, 'test_result_base': None}
[0.828s] INFO:colcon.colcon_core.executor:Executing jobs using 'parallel' executor
[0.830s] DEBUG:colcon.colcon_parallel_executor.executor.parallel:run_until_complete
[0.830s] INFO:colcon.colcon_ros.task.ament_python.build:Building ROS package in '/home/emaan/lab1_ws/src/lab1_pkg' with build type 'ament_python'
[0.831s] Level 1:colcon.colcon_core.shell:create_environment_hook('lab1_pkg', 'ament_prefix_path')
[0.836s] INFO:colcon.colcon_core.plugin_system:Skipping extension 'colcon_core.shell.bat': Not used on non-Windows systems
[0.836s] INFO:colcon.colcon_core.shell:Creating environment hook '/home/emaan/lab1_ws/install/lab1_pkg/share/lab1_pkg/hook/ament_prefix_path.ps1'
[0.837s] INFO:colcon.colcon_core.shell:Creating environment descriptor '/home/emaan/lab1_ws/install/lab1_pkg/share/lab1_pkg/hook/ament_prefix_path.dsv'
[0.838s] INFO:colcon.colcon_core.shell:Creating environment hook '/home/emaan/lab1_ws/install/lab1_pkg/share/lab1_pkg/hook/ament_prefix_path.sh'
[0.840s] INFO:colcon.colcon_core.shell:Skip shell extension 'powershell' for command environment: Not usable outside of PowerShell
[0.840s] DEBUG:colcon.colcon_core.shell:Skip shell extension 'dsv' for command environment
[1.290s] INFO:colcon.colcon_core.task.python.build:Building Python package in '/home/emaan/lab1_ws/src/lab1_pkg'
[1.291s] INFO:colcon.colcon_core.shell:Skip shell extension 'powershell' for command environment: Not usable outside of PowerShell
[1.291s] DEBUG:colcon.colcon_core.shell:Skip shell extension 'dsv' for command environment
[1.917s] DEBUG:colcon.colcon_core.task.python.build:Available setuptools commands: install_lib, build_clib, install_scripts, register, install_data, update_catalog, saveopts, install_egg_info, build_scripts, bdist_dumb, rotate, compile_catalog, install, clean, symlink_data, upload, install_headers, bdist_egg, test, build_py, setopt, build, bdist, extract_messages, upload_docs, bdist_rpm, egg_info, check, develop, alias, easy_install, build_ext, sdist, init_catalog, dist_info
[2.404s] DEBUG:colcon.colcon_core.task.python.build:Available setuptools 'develop' options: --always-unzip, --allow-hosts, --verbose, --record, --version, --script-dir, --force-installation-into-system-dir, --no-user-cfg, --upgrade, --exclude-scripts, --index-url, --editable, --help, --prefix, --uninstall, --install-layout, --site-dirs, --egg-path, --dry-run, --build-directory, --local-snapshots-ok, --install-dir, --multi-version, --always-copy, --user, --no-find-links, --quiet, --zip-ok, --find-links, --optimize, --no-deps
[2.412s] DEBUG:colcon.colcon_core.event_handler.log_command:Invoking command in '/home/emaan/lab1_ws/build/lab1_pkg': PYTHONPATH=/home/emaan/lab1_ws/build/lab1_pkg/prefix_override:/usr/lib/python3/dist-packages/colcon_core/task/python/colcon_distutils_commands:/home/emaan/lab1_ws/install/lab1_pkg/lib/python3.10/site-packages:${PYTHONPATH} /usr/bin/python3 -W ignore:setup.py install is deprecated -W ignore:easy_install command is deprecated setup.py develop --editable --build-directory /home/emaan/lab1_ws/build/lab1_pkg/build --no-deps symlink_data
[3.220s] Level 1:colcon.colcon_core.shell:create_environment_hook('lab1_pkg', 'pythonpath_develop')
[3.221s] INFO:colcon.colcon_core.shell:Creating environment hook '/home/emaan/lab1_ws/build/lab1_pkg/share/lab1_pkg/hook/pythonpath_develop.ps1'
[3.222s] DEBUG:colcon.colcon_core.event_handler.log_command:Invoked command in '/home/emaan/lab1_ws/build/lab1_pkg' returned '0': PYTHONPATH=/home/emaan/lab1_ws/build/lab1_pkg/prefix_override:/usr/lib/python3/dist-packages/colcon_core/task/python/colcon_distutils_commands:/home/emaan/lab1_ws/install/lab1_pkg/lib/python3.10/site-packages:${PYTHONPATH} /usr/bin/python3 -W ignore:setup.py install is deprecated -W ignore:easy_install command is deprecated setup.py develop --editable --build-directory /home/emaan/lab1_ws/build/lab1_pkg/build --no-deps symlink_data
[3.223s] INFO:colcon.colcon_core.shell:Creating environment descriptor '/home/emaan/lab1_ws/build/lab1_pkg/share/lab1_pkg/hook/pythonpath_develop.dsv'
[3.224s] INFO:colcon.colcon_core.shell:Creating environment hook '/home/emaan/lab1_ws/build/lab1_pkg/share/lab1_pkg/hook/pythonpath_develop.sh'
[3.229s] Level 1:colcon.colcon_core.environment:checking '/home/emaan/lab1_ws/install/lab1_pkg' for CMake module files
[3.229s] Level 1:colcon.colcon_core.environment:checking '/home/emaan/lab1_ws/install/lab1_pkg' for CMake config files
[3.230s] Level 1:colcon.colcon_core.environment:checking '/home/emaan/lab1_ws/install/lab1_pkg/lib'
[3.231s] Level 1:colcon.colcon_core.environment:checking '/home/emaan/lab1_ws/install/lab1_pkg/bin'
[3.231s] Level 1:colcon.colcon_core.environment:checking '/home/emaan/lab1_ws/install/lab1_pkg/lib/pkgconfig/lab1_pkg.pc'
[3.231s] Level 1:colcon.colcon_core.environment:checking '/home/emaan/lab1_ws/install/lab1_pkg/lib/python3.10/site-packages'
[3.232s] Level 1:colcon.colcon_core.shell:create_environment_hook('lab1_pkg', 'pythonpath')
[3.232s] INFO:colcon.colcon_core.shell:Creating environment hook '/home/emaan/lab1_ws/install/lab1_pkg/share/lab1_pkg/hook/pythonpath.ps1'
[3.233s] INFO:colcon.colcon_core.shell:Creating environment descriptor '/home/emaan/lab1_ws/install/lab1_pkg/share/lab1_pkg/hook/pythonpath.dsv'
[3.233s] INFO:colcon.colcon_core.shell:Creating environment hook '/home/emaan/lab1_ws/install/lab1_pkg/share/lab1_pkg/hook/pythonpath.sh'
[3.235s] Level 1:colcon.colcon_core.environment:checking '/home/emaan/lab1_ws/install/lab1_pkg/bin'
[3.235s] Level 1:colcon.colcon_core.environment:create_environment_scripts_only(lab1_pkg)
[3.236s] INFO:colcon.colcon_core.shell:Creating package script '/home/emaan/lab1_ws/install/lab1_pkg/share/lab1_pkg/package.ps1'
[3.238s] INFO:colcon.colcon_core.shell:Creating package descriptor '/home/emaan/lab1_ws/install/lab1_pkg/share/lab1_pkg/package.dsv'
[3.239s] INFO:colcon.colcon_core.shell:Creating package script '/home/emaan/lab1_ws/install/lab1_pkg/share/lab1_pkg/package.sh'
[3.240s] INFO:colcon.colcon_core.shell:Creating package script '/home/emaan/lab1_ws/install/lab1_pkg/share/lab1_pkg/package.bash'
[3.242s] INFO:colcon.colcon_core.shell:Creating package script '/home/emaan/lab1_ws/install/lab1_pkg/share/lab1_pkg/package.zsh'
[3.243s] Level 1:colcon.colcon_core.environment:create_file_with_runtime_dependencies(/home/emaan/lab1_ws/install/lab1_pkg/share/colcon-core/packages/lab1_pkg)
[3.244s] DEBUG:colcon.colcon_parallel_executor.executor.parallel:closing loop
[3.244s] DEBUG:colcon.colcon_parallel_executor.executor.parallel:loop closed
[3.245s] DEBUG:colcon.colcon_parallel_executor.executor.parallel:run_until_complete finished with '0'
[3.245s] DEBUG:colcon.colcon_core.event_reactor:joining thread
[3.330s] INFO:colcon.colcon_core.plugin_system:Skipping extension 'colcon_notification.desktop_notification.notify_send': Could not find 'notify-send'
[3.330s] INFO:colcon.colcon_core.plugin_system:Skipping extension 'colcon_notification.desktop_notification.terminal_notifier': Not used on non-Darwin systems
[3.330s] INFO:colcon.colcon_core.plugin_system:Skipping extension 'colcon_notification.desktop_notification.win32': Not used on non-Windows systems
[3.330s] INFO:colcon.colcon_notification.desktop_notification:Sending desktop notification using 'notify2'
[3.331s] DEBUG:colcon.colcon_notification.desktop_notification.notify2:Failed to initialize notify2: org.freedesktop.DBus.Error.FileNotFound: Failed to connect to socket /run/user/1000/bus: No such file or directory
[3.331s] DEBUG:colcon.colcon_core.event_reactor:joined thread
[3.331s] INFO:colcon.colcon_core.shell:Creating prefix script '/home/emaan/lab1_ws/install/local_setup.ps1'
[3.333s] INFO:colcon.colcon_core.shell:Creating prefix util module '/home/emaan/lab1_ws/install/_local_setup_util_ps1.py'
[3.336s] INFO:colcon.colcon_core.shell:Creating prefix chain script '/home/emaan/lab1_ws/install/setup.ps1'
[3.338s] INFO:colcon.colcon_core.shell:Creating prefix script '/home/emaan/lab1_ws/install/local_setup.sh'
[3.339s] INFO:colcon.colcon_core.shell:Creating prefix util module '/home/emaan/lab1_ws/install/_local_setup_util_sh.py'
[3.340s] INFO:colcon.colcon_core.shell:Creating prefix chain script '/home/emaan/lab1_ws/install/setup.sh'
[3.342s] INFO:colcon.colcon_core.shell:Creating prefix script '/home/emaan/lab1_ws/install/local_setup.bash'
[3.343s] INFO:colcon.colcon_core.shell:Creating prefix chain script '/home/emaan/lab1_ws/install/setup.bash'
[3.345s] INFO:colcon.colcon_core.shell:Creating prefix script '/home/emaan/lab1_ws/install/local_setup.zsh'
[3.346s] INFO:colcon.colcon_core.shell:Creating prefix chain script '/home/emaan/lab1_ws/install/setup.zsh'
